
> dropzone@0.1.0 build
> next build

  Γû▓ Next.js 14.2.35
  - Environments: .env.local

   Creating an optimized production build ...
node.exe : Failed to compile.
At line:1 char:1
+ & "C:\Program Files\nodejs/node.exe" "C:\Program Files\nodejs/node_mo ...
+ ~~~~~~~~~~~~~~~~~~~~~~~~~~~~~~~~~~~~~~~~~~~~~~~~~~~~~~~~~~~~~~~~~~~~~
    + CategoryInfo          : NotSpecified: (Failed to compile.:String) [], RemoteException
    + FullyQualifiedErrorId : NativeCommandError
 

./app/admin/tax/page.tsx
Error: 
  [31mx[0m Expected a semicolon
     ,-[[36;1;4mC:\Users\john paul\Documents\dropzone\dropzone\app\admin\tax\page.tsx[0m:426:1]
 [2m426[0m |   setSendStatus("Failed to send. Try again.");
 [2m427[0m |   setTimeout(() => setSendStatus(""), 4000);
 [2m428[0m | }
 [2m429[0m |   };
     : [31;1m   ^[0m
 [2m430[0m | 
 [2m431[0m |   const openBatchModal = async (quarterStr: string) => {
 [2m432[0m |     const qNum = parseInt(quarterStr.replace("Q", ""));
     `----

  [31mx[0m Expression expected
     ,-[[36;1;4mC:\Users\john paul\Documents\dropzone\dropzone\app\admin\tax\page.tsx[0m:597:1]
 [2m597[0m |   );
 [2m598[0m | 
 [2m599[0m |   return (
 [2m600[0m |     <>
     : [31;1m     ^[0m
 [2m601[0m |       <style suppressHydrationWarning>{`
 [2m602[0m |         @import url('https://fonts.googleapis.com/css2?family=Inter:wght@400;500;600;700;800&display=swap');
 [2m603[0m |         @import url('https://cdn.jsdelivr.net/npm/@tabler/icons-webfont@latest/tabler-icons.min.css');
     `----

  [31mx[0m Expected ',', got '{'
     ,-[[36;1;4mC:\Users\john paul\Documents\dropzone\dropzone\app\admin\tax\page.tsx[0m:607:1]
 [2m607[0m |         ::-webkit-scrollbar { width: 4px; } ::-webkit-scrollbar-thumb { background: rgba(255,255,255,0.1); border-radius: 4px; }
 [2m608[0m |       `}</style>
 [2m609[0m | 
 [2m610[0m |       {showValidator && <DATValidatorModal onClose={() => setShowValidator(false)} />}
     : [31;1m      ^[0m
 [2m611[0m |       {batchModal && <BatchSAWTModal quarter={batchModal.quarter} yearStr={year} clientsWithForms={batchModal.clientsWithForms} onClose={() => 
setBatchModal(null)} onConfirm={runBatchGenerate} />}
 [2m612[0m |       {batchGenerating && (
 [2m613[0m |         <div style={{ position: "fixed", bottom: 24, right: 24, zIndex: 9998, padding: "12px 18px", background: "#1a1a1a", border: "0.5px solid 
rgba(99,102,241,0.3)", borderRadius: 12, display: "flex", alignItems: "center", gap: 10, boxShadow: "0 8px 32px rgba(0,0,0,0.4)" }}>
     `----

Caused by:
    Syntax Error

Import trace for requested module:
./app/admin/tax/page.tsx


> Build failed because of webpack errors
